// Jest Snapshot v1, https://goo.gl/fbAQLP

exports[`typeconstructor works correctly (type) should match snapshot 1`] = `"any"`;

exports[`typeconstructor works correctly (type) should match snapshot 2`] = `"any"`;

exports[`typeconstructor works correctly (type) should match snapshot 3`] = `"any"`;

exports[`typeconstructor works correctly (type) should match snapshot 4`] = `"any"`;

exports[`typeconstructor works correctly (type) should match snapshot 5`] = `"any"`;

exports[`typeconstructor works correctly (type) should match snapshot 6`] = `"any"`;

exports[`typeconstructor works correctly (type) should match snapshot 7`] = `"any"`;

exports[`typeconstructor works correctly (type) should match snapshot 8`] = `"any"`;
